DECLARE @tabledirectcrm_Customers TABLE(
    Id int not null,
    TempPasswordEmail nvarchar(256) not null
)

INSERT INTO @tabledirectcrm_Customers
    SELECT current.Id, current.TempPasswordEmail 
        FROM directcrm.Customers AS current
        WHERE Id = @pKeyId
SELECT * FROM @tabledirectcrm_Customers
