DECLARE @tabledirectcrm_Customers TABLE(
    Id int not null,
    IsDeleted bit not null
)

INSERT INTO @tabledirectcrm_Customers(Id, IsDeleted)
    SELECT current.Id, current.IsDeleted
        FROM directcrm.Customers AS current
            WHERE Id = @__id
SELECT * FROM @tabledirectcrm_Customers
