DECLARE @tabledirectcrm_Customers TABLE(
    Id int not null
)
DECLARE @tabledirectcrm_CustomerActions TABLE(
    ActionTemplateId int not null,
    CustomerId int not null
)

INSERT INTO @tabledirectcrm_Customers
    SELECT current.Id 
        FROM directcrm.Customers AS current
        WHERE Id = @pKeyId
SELECT * FROM @tabledirectcrm_Customers

INSERT INTO @tabledirectcrm_CustomerActions
    SELECT current.ActionTemplateId, current.CustomerId 
        FROM directcrm.CustomerActions AS current
            INNER JOIN @tabledirectcrm_Customers AS previous ON
                previous.Id = current.CustomerId
SELECT * FROM @tabledirectcrm_CustomerActions
