****************************** Original expression **********************************
Table(Customer)

****************************** SQL result *******************************************
DECLARE @tabledirectcrm_Customers TABLE(
    Id int not null
)

INSERT INTO @tabledirectcrm_Customers(Id)
    SELECT current.Id
        FROM directcrm.Customers AS current
            WHERE Id = @__id
SELECT * FROM @tabledirectcrm_Customers

****************************** Rewritten expression **********************************
resultSet => resultSet.GetTable("directcrm.Customers").Any()
