DECLARE @tabledirectcrm_Customers TABLE(
    Id int not null
)

INSERT INTO @tabledirectcrm_Customers
    SELECT current.Id 
        FROM directcrm.Customers AS current
        WHERE Id = @pKeyId
SELECT * FROM @tabledirectcrm_Customers
